[
    { "id": "doclint/todo", "message": "unimplemented " },
    { "id": "doclint/fixme", "message": "buggy function" }
]