[
  {
    "id": "doclint/todo",
    "message": "Implement a check for invalid inputs (non-numeric values)."},
  {
    "id": "doclint/todo",
    "message": "Handle cases where one of the numbers is zero."},
  {
    "id": "doclint/todo",
    "message": "Optimize this function to handle large values more efficiently."},
  {
    "id": "doclint/todo",
    "message": "Add a check for null or undefined values."},
  {
    "id": "doclint/todo",
    "message": "Consider performance optimization for very large arrays."},
  {
    "id": "doclint/fixme",
    "message": "The subtraction logic is incorrect for negative numbers."},
  {
    "id": "doclint/fixme",
    "message": "The error handling for division by zero is not properly implemented."},
  {
    "id": "doclint/fixme",
    "message": "Refactor the function to handle cases where the input is not a string."},
  {
    "id": "doclint/fixme",
    "message": "Add error handling for failed network requests."}
]